2025-10-25 02:50:05.646873: I tensorflow/core/util/port.cc:153] oneDNN custom operations are on. You may see slightly different numerical results due to floating-point round-off errors from different computation orders. To turn them off, set the environment variable `TF_ENABLE_ONEDNN_OPTS=0`.
2025-10-25 02:50:05.807957: I tensorflow/core/platform/cpu_feature_guard.cc:210] This TensorFlow binary is optimized to use available CPU instructions in performance-critical operations.
To enable the following instructions: AVX2 AVX512F AVX512_VNNI AVX512_BF16 FMA, in other operations, rebuild TensorFlow with the appropriate compiler flags.
2025-10-25 02:50:07.363479: I tensorflow/core/util/port.cc:153] oneDNN custom operations are on. You may see slightly different numerical results due to floating-point round-off errors from different computation orders. To turn them off, set the environment variable `TF_ENABLE_ONEDNN_OPTS=0`.
Traceback (most recent call last):
  File "/environment/miniconda3/envs/deim/lib/python3.10/site-packages/tensorboard/compat/__init__.py", line 42, in tf
    from tensorboard.compat import notf  # noqa: F401
ImportError: cannot import name 'notf' from 'tensorboard.compat' (/environment/miniconda3/envs/deim/lib/python3.10/site-packages/tensorboard/compat/__init__.py)

During handling of the above exception, another exception occurred:

Traceback (most recent call last):
  File "/home/featurize/zfy/DEIM/train.py", line 20, in <module>
    from engine.logger_module import get_logger
  File "/home/featurize/zfy/DEIM/engine/__init__.py", line 6, in <module>
    from . import optim    
  File "/home/featurize/zfy/DEIM/engine/optim/__init__.py", line 6, in <module>
    from .ema import *  
  File "/home/featurize/zfy/DEIM/engine/optim/ema.py", line 16, in <module>
    from ..core import register    
  File "/home/featurize/zfy/DEIM/engine/core/__init__.py", line 8, in <module>
    from ._config import BaseConfig     
  File "/home/featurize/zfy/DEIM/engine/core/_config.py", line 12, in <module>
    from torch.utils.tensorboard import SummaryWriter
  File "/environment/miniconda3/envs/deim/lib/python3.10/site-packages/torch/utils/tensorboard/__init__.py", line 12, in <module>
    from .writer import FileWriter, SummaryWriter  # noqa: F401
  File "/environment/miniconda3/envs/deim/lib/python3.10/site-packages/torch/utils/tensorboard/writer.py", line 18, in <module>
    from ._embedding import get_embedding_info, make_mat, make_sprite, make_tsv, write_pbtxt
  File "/environment/miniconda3/envs/deim/lib/python3.10/site-packages/torch/utils/tensorboard/_embedding.py", line 9, in <module>
    _HAS_GFILE_JOIN = hasattr(tf.io.gfile, "join")
  File "/environment/miniconda3/envs/deim/lib/python3.10/site-packages/tensorboard/lazy.py", line 65, in __getattr__
    return getattr(load_once(self), attr_name)
  File "/environment/miniconda3/envs/deim/lib/python3.10/site-packages/tensorboard/lazy.py", line 97, in wrapper
    cache[arg] = f(arg)
  File "/environment/miniconda3/envs/deim/lib/python3.10/site-packages/tensorboard/lazy.py", line 50, in load_once
    module = load_fn()
  File "/environment/miniconda3/envs/deim/lib/python3.10/site-packages/tensorboard/compat/__init__.py", line 45, in tf
    import tensorflow
  File "/environment/miniconda3/envs/deim/lib/python3.10/site-packages/tensorflow/__init__.py", line 468, in <module>
    importlib.import_module("keras.src.optimizers")
  File "/environment/miniconda3/envs/deim/lib/python3.10/importlib/__init__.py", line 126, in import_module
    return _bootstrap._gcd_import(name[level:], package, level)
  File "/environment/miniconda3/envs/deim/lib/python3.10/site-packages/keras/__init__.py", line 7, in <module>
    from keras import _tf_keras as _tf_keras
  File "/environment/miniconda3/envs/deim/lib/python3.10/site-packages/keras/_tf_keras/__init__.py", line 1, in <module>
    from keras._tf_keras import keras
  File "/environment/miniconda3/envs/deim/lib/python3.10/site-packages/keras/_tf_keras/keras/__init__.py", line 7, in <module>
    from keras import activations as activations
  File "/environment/miniconda3/envs/deim/lib/python3.10/site-packages/keras/activations/__init__.py", line 7, in <module>
    from keras.src.activations import deserialize as deserialize
  File "/environment/miniconda3/envs/deim/lib/python3.10/site-packages/keras/src/__init__.py", line 1, in <module>
    from keras.src import activations
  File "/environment/miniconda3/envs/deim/lib/python3.10/site-packages/keras/src/activations/__init__.py", line 3, in <module>
    from keras.src.activations.activations import celu
  File "/environment/miniconda3/envs/deim/lib/python3.10/site-packages/keras/src/activations/activations.py", line 2, in <module>
    from keras.src import ops
  File "/environment/miniconda3/envs/deim/lib/python3.10/site-packages/keras/src/ops/__init__.py", line 10, in <module>
    from keras.src.ops import image
  File "/environment/miniconda3/envs/deim/lib/python3.10/site-packages/keras/src/ops/image.py", line 6, in <module>
    from keras.src.ops.operation import Operation
  File "/environment/miniconda3/envs/deim/lib/python3.10/site-packages/keras/src/ops/operation.py", line 11, in <module>
    from keras.src.saving.keras_saveable import KerasSaveable
  File "/environment/miniconda3/envs/deim/lib/python3.10/site-packages/keras/src/saving/__init__.py", line 7, in <module>
    from keras.src.saving.saving_api import load_model
  File "/environment/miniconda3/envs/deim/lib/python3.10/site-packages/keras/src/saving/saving_api.py", line 7, in <module>
    from keras.src.legacy.saving import legacy_h5_format
  File "/environment/miniconda3/envs/deim/lib/python3.10/site-packages/keras/src/legacy/saving/legacy_h5_format.py", line 10, in <module>
    from keras.src.legacy.saving import json_utils
  File "/environment/miniconda3/envs/deim/lib/python3.10/site-packages/keras/src/legacy/saving/json_utils.py", line 10, in <module>
    from keras.src.legacy.saving import serialization
  File "<frozen importlib._bootstrap>", line 1078, in _handle_fromlist
KeyboardInterrupt
2025-10-25 05:38:38.345885: I tensorflow/core/util/port.cc:153] oneDNN custom operations are on. You may see slightly different numerical results due to floating-point round-off errors from different computation orders. To turn them off, set the environment variable `TF_ENABLE_ONEDNN_OPTS=0`.
Traceback (most recent call last):
  File "/environment/miniconda3/envs/deim/lib/python3.10/site-packages/tensorboard/compat/__init__.py", line 42, in tf
    from tensorboard.compat import notf  # noqa: F401
ImportError: cannot import name 'notf' from 'tensorboard.compat' (/environment/miniconda3/envs/deim/lib/python3.10/site-packages/tensorboard/compat/__init__.py)

During handling of the above exception, another exception occurred:

Traceback (most recent call last):
  File "/home/featurize/zfy/DEIM/train.py", line 20, in <module>
    from engine.logger_module import get_logger
  File "/home/featurize/zfy/DEIM/engine/__init__.py", line 6, in <module>
    from . import optim    
  File "/home/featurize/zfy/DEIM/engine/optim/__init__.py", line 6, in <module>
    from .ema import *  
  File "/home/featurize/zfy/DEIM/engine/optim/ema.py", line 16, in <module>
    from ..core import register    
  File "/home/featurize/zfy/DEIM/engine/core/__init__.py", line 8, in <module>
    from ._config import BaseConfig     
  File "/home/featurize/zfy/DEIM/engine/core/_config.py", line 12, in <module>
    from torch.utils.tensorboard import SummaryWriter
  File "/environment/miniconda3/envs/deim/lib/python3.10/site-packages/torch/utils/tensorboard/__init__.py", line 12, in <module>
    from .writer import FileWriter, SummaryWriter  # noqa: F401
  File "/environment/miniconda3/envs/deim/lib/python3.10/site-packages/torch/utils/tensorboard/writer.py", line 18, in <module>
    from ._embedding import get_embedding_info, make_mat, make_sprite, make_tsv, write_pbtxt
  File "/environment/miniconda3/envs/deim/lib/python3.10/site-packages/torch/utils/tensorboard/_embedding.py", line 9, in <module>
    _HAS_GFILE_JOIN = hasattr(tf.io.gfile, "join")
  File "/environment/miniconda3/envs/deim/lib/python3.10/site-packages/tensorboard/lazy.py", line 65, in __getattr__
    return getattr(load_once(self), attr_name)
  File "/environment/miniconda3/envs/deim/lib/python3.10/site-packages/tensorboard/lazy.py", line 97, in wrapper
    cache[arg] = f(arg)
  File "/environment/miniconda3/envs/deim/lib/python3.10/site-packages/tensorboard/lazy.py", line 50, in load_once
    module = load_fn()
  File "/environment/miniconda3/envs/deim/lib/python3.10/site-packages/tensorboard/compat/__init__.py", line 45, in tf
    import tensorflow
  File "/environment/miniconda3/envs/deim/lib/python3.10/site-packages/tensorflow/__init__.py", line 40, in <module>
    from tensorflow.python import pywrap_tensorflow as _pywrap_tensorflow  # pylint: disable=unused-import
  File "/environment/miniconda3/envs/deim/lib/python3.10/site-packages/tensorflow/python/pywrap_tensorflow.py", line 37, in <module>
    self_check.preload_check()
  File "/environment/miniconda3/envs/deim/lib/python3.10/site-packages/tensorflow/python/platform/self_check.py", line 63, in preload_check
    from tensorflow.python.platform import _pywrap_cpu_feature_guard
KeyboardInterrupt
